[unitedhollowrepublic.com/index.html]
[backblue.gif]
[fade.gif]
[index.html]
[unitedhollowrepublic.com/manifest.webmanifest]
[unitedhollowrepublic.com/home.html]
[unitedhollowrepublic.com/sw.js]
[unitedhollowrepublic.com/about-1.html]
[unitedhollowrepublic.com/gallery.html]
[unitedhollowrepublic.com/lore.html]
[unitedhollowrepublic.com/store.html]
[unitedhollowrepublic.com/index.html]
[unitedhollowrepublic.com/home.html]
[unitedhollowrepublic.com/_https_/fonts.googleapis.com/css2f0b1]
[unitedhollowrepublic.com/_https_/img1.wsimg.com/isteam/ip/67e9bd46-c0e3-49c7-b199-394c45ecae16/UHRPoster1250100.png/_/rs=w_984,h_79_]
[img1.wsimg.com/blobby/go/67e9bd46-c0e3-49c7-b199-394c45ecae16/gpub/29bc6ed72b09ab9e/script.js]
[img1.wsimg.com/blobby/go/67e9bd46-c0e3-49c7-b199-394c45ecae16/gpub/fecfc70f23d92404/script.js]
[unitedhollowrepublic.com/_https_/img1.wsimg.com/isteam/ip/67e9bd46-c0e3-49c7-b199-394c45ecae16/rng300.png/_/rs=w_984,h_984_]
[unitedhollowrepublic.com/_https_/img1.wsimg.com/isteam/ip/67e9bd46-c0e3-49c7-b199-394c45ecae16/trp300.png/_/rs=w_984,h_984_]
[unitedhollowrepublic.com/_https_/img1.wsimg.com/isteam/ip/67e9bd46-c0e3-49c7-b199-394c45ecae16/jet300.png/_/rs=w_984,h_984_]
[unitedhollowrepublic.com/_mailto_UnitedHollowRepublic@gmail.com__UnitedHollowRepublic@gmail.com_/a__/p_]
[unitedhollowrepublic.com/_https_/discord.gg/uhr__Join]
[unitedhollowrepublic.com/about-1.html]
[img1.wsimg.com/blobby/go/67e9bd46-c0e3-49c7-b199-394c45ecae16/gpub/41ef93ded24d2082/script.js]
[img1.wsimg.com/blobby/go/67e9bd46-c0e3-49c7-b199-394c45ecae16/gpub/f8880c4c97a7b910/script.js]
[unitedhollowrepublic.com/gallery.html]
[img1.wsimg.com/blobby/go/67e9bd46-c0e3-49c7-b199-394c45ecae16/gpub/153337f41abc18e5/script.js]
[unitedhollowrepublic.com/campaigns.html]
[unitedhollowrepublic.com/world-info.html]
[unitedhollowrepublic.com/arsenal.html]
[img1.wsimg.com/blobby/go/67e9bd46-c0e3-49c7-b199-394c45ecae16/gpub/b26c53dfb9e1b6f0/script.js]
[unitedhollowrepublic.com/factions.html]
[img1.wsimg.com/ceph-p3-01/website-builder-data-prod/static/widgets/UX.4.51.17.js]
[unitedhollowrepublic.com/units.html]
[unitedhollowrepublic.com/documents.html]
[unitedhollowrepublic.com/uhrtoday.html]
[unitedhollowrepublic.com/anthology.html]
[img1.wsimg.com/blobby/go/67e9bd46-c0e3-49c7-b199-394c45ecae16/gpub/ff77cfa5505e42b0/script.js]
[img1.wsimg.com/blobby/go/67e9bd46-c0e3-49c7-b199-394c45ecae16/gpub/cbf45e8ef205a14f/script.js]
[unitedhollowrepublic.com/lore.html]
[img1.wsimg.com/blobby/go/67e9bd46-c0e3-49c7-b199-394c45ecae16/gpub/57c90534406b1ff4/script.js]
[unitedhollowrepublic.com/store.html]
[img1.wsimg.com/signals/js/clients/scc-c2/scc-c2.min.js]
[unitedhollowrepublic.com/_https_/fonts.googleapis.com/css2f0b1.html]
[unitedhollowrepublic.com/_https_/img1.wsimg.com/isteam/ip/67e9bd46-c0e3-49c7-b199-394c45ecae16/UHRPoster1250100.png/_/rs=w_984,h_79_.html]
[unitedhollowrepublic.com/_https_/img1.wsimg.com/isteam/ip/67e9bd46-c0e3-49c7-b199-394c45ecae16/rng300.png/_/rs=w_984,h_984_.html]
[unitedhollowrepublic.com/_https_/img1.wsimg.com/isteam/ip/67e9bd46-c0e3-49c7-b199-394c45ecae16/trp300.png/_/rs=w_984,h_984_.html]
[unitedhollowrepublic.com/_https_/img1.wsimg.com/isteam/ip/67e9bd46-c0e3-49c7-b199-394c45ecae16/jet300.png/_/rs=w_984,h_984_.html]
[unitedhollowrepublic.com/_mailto_UnitedHollowRepublic@gmail.com__UnitedHollowRepublic@gmail.com_/a__/p_.html]
[unitedhollowrepublic.com/_https_/discord.gg/uhr__Join.html]
[unitedhollowrepublic.com/campaigns.html]
[img1.wsimg.com/blobby/go/67e9bd46-c0e3-49c7-b199-394c45ecae16/gpub/d9513d45f8160da9/script.js]
[unitedhollowrepublic.com/uplink.html]
[img1.wsimg.com/blobby/go/67e9bd46-c0e3-49c7-b199-394c45ecae16/gpub/2e7d2795788411b8/script.js]
[unitedhollowrepublic.com/world-info.html]
[img1.wsimg.com/blobby/go/67e9bd46-c0e3-49c7-b199-394c45ecae16/gpub/c2ca60330f924ae5/script.js]
[img1.wsimg.com/blobby/go/67e9bd46-c0e3-49c7-b199-394c45ecae16/gpub/a1b2fe59605005b8/script.js]
[img1.wsimg.com/blobby/go/67e9bd46-c0e3-49c7-b199-394c45ecae16/gpub/628f010d7b232709/script.js]
[unitedhollowrepublic.com/equipment.html]
[unitedhollowrepublic.com/vehicles.html]
[unitedhollowrepublic.com/aircraft-1.html]
[unitedhollowrepublic.com/logistics.html]
[unitedhollowrepublic.com/naval.html]
[unitedhollowrepublic.com/arsenal.html]
[unitedhollowrepublic.com/factions.html]
[img1.wsimg.com/blobby/go/67e9bd46-c0e3-49c7-b199-394c45ecae16/gpub/b243a102fc16ff95/script.js]
[img1.wsimg.com/blobby/go/67e9bd46-c0e3-49c7-b199-394c45ecae16/gpub/99f96348d8d43297/script.js]
[img1.wsimg.com/blobby/go/67e9bd46-c0e3-49c7-b199-394c45ecae16/gpub/493d611665e4eb7c/script.js]
[unitedhollowrepublic.com/units.html]
[img1.wsimg.com/blobby/go/67e9bd46-c0e3-49c7-b199-394c45ecae16/gpub/b6b15cb727bfce8f/script.js]
[img1.wsimg.com/blobby/go/67e9bd46-c0e3-49c7-b199-394c45ecae16/gpub/bb8d5a0637a4f967/script.js]
[unitedhollowrepublic.com/documents.html]
[img1.wsimg.com/blobby/go/67e9bd46-c0e3-49c7-b199-394c45ecae16/gpub/73229db2c926bd00/script.js]
[img1.wsimg.com/blobby/go/67e9bd46-c0e3-49c7-b199-394c45ecae16/gpub/92ff1e6a4fe6daa7/script.js]
[unitedhollowrepublic.com/uhrtoday.html]
[img1.wsimg.com/blobby/go/67e9bd46-c0e3-49c7-b199-394c45ecae16/gpub/d89c57eb4e7ed370/script.js]
[unitedhollowrepublic.com/anthology.html]
[img1.wsimg.com/blobby/go/67e9bd46-c0e3-49c7-b199-394c45ecae16/gpub/e89f8b768511a109/script.js]
[img1.wsimg.com/blobby/go/67e9bd46-c0e3-49c7-b199-394c45ecae16/gpub/70cda91ba0c43f10/script.js]
[img1.wsimg.com/blobby/go/67e9bd46-c0e3-49c7-b199-394c45ecae16/gpub/64739d218f1458b2/script.js]
[unitedhollowrepublic.com/uplink.html]
[img1.wsimg.com/blobby/go/67e9bd46-c0e3-49c7-b199-394c45ecae16/gpub/8073fceaaf3ac9c4/script.js]
[unitedhollowrepublic.com/equipment.html]
[img1.wsimg.com/blobby/go/67e9bd46-c0e3-49c7-b199-394c45ecae16/gpub/7ac0a88cf7c2c47f/script.js]
[img1.wsimg.com/blobby/go/67e9bd46-c0e3-49c7-b199-394c45ecae16/gpub/9b890a576f370a06/script.js]
[img1.wsimg.com/blobby/go/67e9bd46-c0e3-49c7-b199-394c45ecae16/gpub/33c83cf92d629046/script.js]
[img1.wsimg.com/blobby/go/67e9bd46-c0e3-49c7-b199-394c45ecae16/gpub/89c5c3ee5bfd10e5/script.js]
[unitedhollowrepublic.com/vehicles.html]
[unitedhollowrepublic.com/aircraft-1.html]
[img1.wsimg.com/blobby/go/67e9bd46-c0e3-49c7-b199-394c45ecae16/gpub/a23ebea4f34b958c/script.js]
[img1.wsimg.com/blobby/go/67e9bd46-c0e3-49c7-b199-394c45ecae16/gpub/bda3150d88e2cb84/script.js]
[unitedhollowrepublic.com/logistics.html]
[img1.wsimg.com/blobby/go/67e9bd46-c0e3-49c7-b199-394c45ecae16/gpub/39ed62ccb8ddc4c2/script.js]
[img1.wsimg.com/blobby/go/67e9bd46-c0e3-49c7-b199-394c45ecae16/gpub/49fbd3addd186e74/script.js]
[img1.wsimg.com/blobby/go/67e9bd46-c0e3-49c7-b199-394c45ecae16/gpub/c358ff81c9728c5d/script.js]
[unitedhollowrepublic.com/naval.html]
[img1.wsimg.com/blobby/go/67e9bd46-c0e3-49c7-b199-394c45ecae16/gpub/9bf6e283ba703e6d/script.js]
[img1.wsimg.com/blobby/go/67e9bd46-c0e3-49c7-b199-394c45ecae16/gpub/4d3be4b19a09a128/script.js]
[img1.wsimg.com/blobby/go/67e9bd46-c0e3-49c7-b199-394c45ecae16/gpub/676f03f82bbaee5a/script.js]
